- mobile navigation with to percentages
- Dropdowns animation timing too Fadt
- Adding Responsiveness to hero sections backdrops
